
> akotro@0.1.0 dev
> next dev

